// Jest Snapshot v1, https://goo.gl/fbAQLP

exports[`BaseButton snapshot matches snapshot 1`] = `"<button class="test12">Click me!</button>"`;
